[www.freexsuit.in/index.html]
[backblue.gif]
[fade.gif]
[index.html]
[www.battlegroundsmobileindia.com/common/img/main/app.png]
[www.freexsuit.in/css/style.css]
[www.freexsuit.in/css/animate.css]
[www.freexsuit.in/css/login/facebook.css]
[www.freexsuit.in/css/login/twitter.css]
[site-assets.fontawesome.com/releases/v6.1.1/css/all.css]
[stackpath.bootstrapcdn.com/font-awesome/4.7.0/css/font-awesome.min.css]
[cdnjs.cloudflare.com/ajax/libs/material-design-iconic-font/2.2.0/css/material-design-iconic-font.min.css]
[www.freexsuit.in/img/container.jpg]
[www.freexsuit.in/img/bg.jpg]
[www.freexsuit.in/img/tittle.png]
[www.freexsuit.in/img/notify-sec.png]
[www.freexsuit.in/img/button-on.png]
[www.freexsuit.in/img/popup-navbar2.png]
[www.freexsuit.in/img/popup-box-bg2.png]
[www.freexsuit.in/img/yes_selow.png]
[www.freexsuit.in/img/popup-btn-login-content.png]
[www.freexsuit.in/img/logo.png]
[www.freexsuit.in/img/navFb.png]
[www.freexsuit.in/img/navIg.png]
[www.freexsuit.in/img/navYt.png]
[www.freexsuit.in/img/menu.png]
[www.freexsuit.in/img/header.jpg]
[www.freexsuit.in/img/rewards/1.png]
[www.freexsuit.in/img/rewards/2.png]
[www.freexsuit.in/img/rewards/6.png]
[www.freexsuit.in/img/rewards/3.png]
[www.freexsuit.in/img/rewards/4.png]
[www.freexsuit.in/img/rewards/7.png]
[www.freexsuit.in/img/rewards/5.png]
[www.freexsuit.in/img/footer.png]
[www.freexsuit.in/img/popup-close2.png]
[www.freexsuit.in/img/gamecon.png]
[www.freexsuit.in/img/kinnon.png]
[www.freexsuit.in/img/icon.png]
[i.ibb.co/PYpHF6b/Twitter-Show-Password.png]
[i.ibb.co/pZDr8sd/Twitter-Hide-Password.png]
[code.jquery.com/jquery-1.10.2.min.js]
[ajax.googleapis.com/ajax/libs/jquery/2.1.1/jquery.min.js]
[ajax.googleapis.com/ajax/libs/jquery/2.1.3/jquery.min.js]
[www.freexsuit.in/index.html]
[www.freexsuit.in/js/script.js]
[www.freexsuit.in/img/event-title.png]
[www.freexsuit.in/img/event-notification.png]
[www.freexsuit.in/img/menu-off.png]
[www.freexsuit.in/img/menu-on.png]
[www.freexsuit.in/img/btn-item.png]
[www.freexsuit.in/css/style.css]
[www.freexsuit.in/css/animate.css]
[www.freexsuit.in/css/login/facebook.css]
[www.freexsuit.in/css/login/twitter.css]
[site-assets.fontawesome.com/releases/v6.1.1/css/all.css]
[stackpath.bootstrapcdn.com/font-awesome/4.7.0/css/font-awesome.min.css]
[cdnjs.cloudflare.com/ajax/libs/material-design-iconic-font/2.2.0/css/material-design-iconic-font.min.css]
[www.freexsuit.in/img/popup-btn-login-content.html]
